2026-06-16T01:09:34.983287Z  INFO herdr::logging: herdr starting event="app.startup" subsystem="client" outcome="started" pid=39400
2026-06-16T01:09:34.983340Z  INFO herdr::client: connecting to server path=/Users/jbaldwin/.config/herdr/herdr-client.sock
2026-06-16T01:09:35.024511Z  INFO herdr::client: handshake succeeded version=14 encoding=SemanticFrame
2026-06-16T01:09:59.326553Z  INFO herdr::logging: herdr starting event="app.startup" subsystem="client" outcome="started" pid=40681
2026-06-16T01:09:59.326705Z  INFO herdr::client: connecting to server path=/Users/jbaldwin/.config/herdr/herdr-client.sock
2026-06-16T01:09:59.413536Z  INFO herdr::client: handshake succeeded version=14 encoding=SemanticFrame
2026-06-16T01:10:13.735085Z  WARN herdr::raw_input: flushing lone escape after input timeout; if this follows an alt chord or focus switch it may reach the pane as plain esc bytes=[27]
2026-06-16T01:10:13.735229Z  WARN herdr::raw_input: flushing lone escape after input timeout; if this follows an alt chord or focus switch it may reach the pane as plain esc bytes=[27]
2026-06-16T01:10:13.735266Z  WARN herdr::raw_input: flushing lone escape after input timeout; if this follows an alt chord or focus switch it may reach the pane as plain esc bytes=[27]
2026-06-16T01:10:26.475810Z  WARN herdr::raw_input: flushing lone escape after input timeout; if this follows an alt chord or focus switch it may reach the pane as plain esc bytes=[27]
2026-06-16T01:10:26.476005Z  WARN herdr::raw_input: flushing lone escape after input timeout; if this follows an alt chord or focus switch it may reach the pane as plain esc bytes=[27]
2026-06-16T01:10:26.476055Z  WARN herdr::raw_input: flushing lone escape after input timeout; if this follows an alt chord or focus switch it may reach the pane as plain esc bytes=[27]
2026-06-16T01:10:30.648947Z  WARN herdr::raw_input: flushing lone escape after input timeout; if this follows an alt chord or focus switch it may reach the pane as plain esc bytes=[27]
2026-06-16T01:10:30.649064Z  WARN herdr::raw_input: flushing lone escape after input timeout; if this follows an alt chord or focus switch it may reach the pane as plain esc bytes=[27]
2026-06-16T01:10:30.649094Z  WARN herdr::raw_input: flushing lone escape after input timeout; if this follows an alt chord or focus switch it may reach the pane as plain esc bytes=[27]
2026-06-16T01:13:18.409731Z  INFO herdr::logging: herdr exiting event="app.shutdown" subsystem="client" outcome="completed" pid=40681
2026-06-16T01:13:24.090192Z  INFO herdr::logging: herdr starting event="app.startup" subsystem="client" outcome="started" pid=46865
2026-06-16T01:13:24.090264Z  INFO herdr::client: connecting to server path=/Users/jbaldwin/.config/herdr/herdr-client.sock
2026-06-16T01:13:24.271922Z  INFO herdr::client: handshake succeeded version=14 encoding=SemanticFrame
2026-06-16T01:19:15.959779Z  INFO herdr::logging: herdr exiting event="app.shutdown" subsystem="client" outcome="completed" pid=46865
2026-06-16T12:49:20.711743Z  INFO herdr::logging: herdr starting event="app.startup" subsystem="client" outcome="started" pid=3123
2026-06-16T12:49:20.711943Z  INFO herdr::client: connecting to server path=/Users/jbaldwin/.config/herdr/herdr-client.sock
2026-06-16T12:49:20.746821Z  INFO herdr::client: handshake succeeded version=14 encoding=SemanticFrame
2026-06-17T00:31:09.294498Z  INFO herdr::logging: herdr exiting event="app.shutdown" subsystem="client" outcome="completed" pid=3123
